<?xml version="1.0"?>
<link_info>
   <banner>MSP430 Linker PC v4.4.7</banner>
   <copyright>Copyright (c) 2003-2015 Texas Instruments Incorporated</copyright>
   <link_time>0x57315479</link_time>
   <link_errors>0x0</link_errors>
   <output_file>qc13dev0.out</output_file>
   <entry_point>
      <name>_c_int00_noargs_noexit</name>
      <address>0x4662</address>
   </entry_point>
   <input_file_list>
      <input_file id="fl-2">
         <path>.\</path>
         <kind>object</kind>
         <file>leds.obj</file>
         <name>leds.obj</name>
      </input_file>
      <input_file id="fl-3">
         <path>.\</path>
         <kind>object</kind>
         <file>main.obj</file>
         <name>main.obj</name>
      </input_file>
      <input_file id="fl-4">
         <path>.\</path>
         <kind>object</kind>
         <file>radio.obj</file>
         <name>radio.obj</name>
      </input_file>
      <input_file id="fl-8">
         <path>C:\Users\George\workspace_v6_1\qc13dev0\Debug\configPkg\package\cfg\</path>
         <kind>object</kind>
         <file>main_pe430X.oe430X</file>
         <name>main_pe430X.oe430X</name>
      </input_file>
      <input_file id="fl-3e">
         <path>C:\Users\George\workspace_v6_1\qc13dev0\src\grace\</path>
         <kind>archive</kind>
         <file>grace.lib</file>
         <name>eusci_a_spi.obj</name>
      </input_file>
      <input_file id="fl-3f">
         <path>C:\Users\George\workspace_v6_1\qc13dev0\src\grace\</path>
         <kind>archive</kind>
         <file>grace.lib</file>
         <name>eusci_b_spi.obj</name>
      </input_file>
      <input_file id="fl-40">
         <path>C:\Users\George\workspace_v6_1\qc13dev0\src\grace\</path>
         <kind>archive</kind>
         <file>grace.lib</file>
         <name>gpio.obj</name>
      </input_file>
      <input_file id="fl-41">
         <path>C:\Users\George\workspace_v6_1\qc13dev0\src\grace\</path>
         <kind>archive</kind>
         <file>grace.lib</file>
         <name>Grace_init.obj</name>
      </input_file>
      <input_file id="fl-42">
         <path>C:\Users\George\workspace_v6_1\qc13dev0\src\grace\</path>
         <kind>archive</kind>
         <file>grace.lib</file>
         <name>CS_A_init.obj</name>
      </input_file>
      <input_file id="fl-43">
         <path>C:\Users\George\workspace_v6_1\qc13dev0\src\grace\</path>
         <kind>archive</kind>
         <file>grace.lib</file>
         <name>cs.obj</name>
      </input_file>
      <input_file id="fl-44">
         <path>C:\Users\George\workspace_v6_1\qc13dev0\src\grace\</path>
         <kind>archive</kind>
         <file>grace.lib</file>
         <name>EUSCI_A0_init.obj</name>
      </input_file>
      <input_file id="fl-45">
         <path>C:\Users\George\workspace_v6_1\qc13dev0\src\grace\</path>
         <kind>archive</kind>
         <file>grace.lib</file>
         <name>EUSCI_A1_init.obj</name>
      </input_file>
      <input_file id="fl-46">
         <path>C:\Users\George\workspace_v6_1\qc13dev0\src\grace\</path>
         <kind>archive</kind>
         <file>grace.lib</file>
         <name>EUSCI_B0_init.obj</name>
      </input_file>
      <input_file id="fl-47">
         <path>C:\Users\George\workspace_v6_1\qc13dev0\src\grace\</path>
         <kind>archive</kind>
         <file>grace.lib</file>
         <name>InterruptVectors_init.obj</name>
      </input_file>
      <input_file id="fl-48">
         <path>C:\Users\George\workspace_v6_1\qc13dev0\src\grace\</path>
         <kind>archive</kind>
         <file>grace.lib</file>
         <name>PinMux_init.obj</name>
      </input_file>
      <input_file id="fl-49">
         <path>C:\Users\George\workspace_v6_1\qc13dev0\src\grace\</path>
         <kind>archive</kind>
         <file>grace.lib</file>
         <name>System_init.obj</name>
      </input_file>
      <input_file id="fl-4a">
         <path>C:\Users\George\workspace_v6_1\qc13dev0\src\grace\</path>
         <kind>archive</kind>
         <file>grace.lib</file>
         <name>Timer1_A3_init.obj</name>
      </input_file>
      <input_file id="fl-4b">
         <path>C:\Users\George\workspace_v6_1\qc13dev0\src\grace\</path>
         <kind>archive</kind>
         <file>grace.lib</file>
         <name>timer_a.obj</name>
      </input_file>
      <input_file id="fl-4c">
         <path>C:\Users\George\workspace_v6_1\qc13dev0\src\grace\</path>
         <kind>archive</kind>
         <file>grace.lib</file>
         <name>WDT_A_init.obj</name>
      </input_file>
      <input_file id="fl-4d">
         <path>C:\Users\George\workspace_v6_1\qc13dev0\src\grace\</path>
         <kind>archive</kind>
         <file>grace.lib</file>
         <name>wdt_a.obj</name>
      </input_file>
      <input_file id="fl-4e">
         <path>D:\ti\ccsv6\tools\compiler\ti-cgt-msp430_4.4.7\lib\</path>
         <kind>archive</kind>
         <file>rts430x_lc_rd_eabi.lib</file>
         <name>copy_decompress_none.obj</name>
      </input_file>
      <input_file id="fl-4f">
         <path>D:\ti\ccsv6\tools\compiler\ti-cgt-msp430_4.4.7\lib\</path>
         <kind>archive</kind>
         <file>rts430x_lc_rd_eabi.lib</file>
         <name>copy_decompress_rle.obj</name>
      </input_file>
      <input_file id="fl-50">
         <path>D:\ti\ccsv6\tools\compiler\ti-cgt-msp430_4.4.7\lib\</path>
         <kind>archive</kind>
         <file>rts430x_lc_rd_eabi.lib</file>
         <name>int30.obj</name>
      </input_file>
      <input_file id="fl-51">
         <path>D:\ti\ccsv6\tools\compiler\ti-cgt-msp430_4.4.7\lib\</path>
         <kind>archive</kind>
         <file>rts430x_lc_rd_eabi.lib</file>
         <name>isr_trap.obj</name>
      </input_file>
      <input_file id="fl-52">
         <path>D:\ti\ccsv6\tools\compiler\ti-cgt-msp430_4.4.7\lib\</path>
         <kind>archive</kind>
         <file>rts430x_lc_rd_eabi.lib</file>
         <name>int31.obj</name>
      </input_file>
      <input_file id="fl-53">
         <path>D:\ti\ccsv6\tools\compiler\ti-cgt-msp430_4.4.7\lib\</path>
         <kind>archive</kind>
         <file>rts430x_lc_rd_eabi.lib</file>
         <name>int32.obj</name>
      </input_file>
      <input_file id="fl-54">
         <path>D:\ti\ccsv6\tools\compiler\ti-cgt-msp430_4.4.7\lib\</path>
         <kind>archive</kind>
         <file>rts430x_lc_rd_eabi.lib</file>
         <name>int34.obj</name>
      </input_file>
      <input_file id="fl-55">
         <path>D:\ti\ccsv6\tools\compiler\ti-cgt-msp430_4.4.7\lib\</path>
         <kind>archive</kind>
         <file>rts430x_lc_rd_eabi.lib</file>
         <name>int35.obj</name>
      </input_file>
      <input_file id="fl-56">
         <path>D:\ti\ccsv6\tools\compiler\ti-cgt-msp430_4.4.7\lib\</path>
         <kind>archive</kind>
         <file>rts430x_lc_rd_eabi.lib</file>
         <name>int36.obj</name>
      </input_file>
      <input_file id="fl-57">
         <path>D:\ti\ccsv6\tools\compiler\ti-cgt-msp430_4.4.7\lib\</path>
         <kind>archive</kind>
         <file>rts430x_lc_rd_eabi.lib</file>
         <name>int37.obj</name>
      </input_file>
      <input_file id="fl-58">
         <path>D:\ti\ccsv6\tools\compiler\ti-cgt-msp430_4.4.7\lib\</path>
         <kind>archive</kind>
         <file>rts430x_lc_rd_eabi.lib</file>
         <name>int38.obj</name>
      </input_file>
      <input_file id="fl-59">
         <path>D:\ti\ccsv6\tools\compiler\ti-cgt-msp430_4.4.7\lib\</path>
         <kind>archive</kind>
         <file>rts430x_lc_rd_eabi.lib</file>
         <name>int39.obj</name>
      </input_file>
      <input_file id="fl-5a">
         <path>D:\ti\ccsv6\tools\compiler\ti-cgt-msp430_4.4.7\lib\</path>
         <kind>archive</kind>
         <file>rts430x_lc_rd_eabi.lib</file>
         <name>int40.obj</name>
      </input_file>
      <input_file id="fl-5b">
         <path>D:\ti\ccsv6\tools\compiler\ti-cgt-msp430_4.4.7\lib\</path>
         <kind>archive</kind>
         <file>rts430x_lc_rd_eabi.lib</file>
         <name>int41.obj</name>
      </input_file>
      <input_file id="fl-5c">
         <path>D:\ti\ccsv6\tools\compiler\ti-cgt-msp430_4.4.7\lib\</path>
         <kind>archive</kind>
         <file>rts430x_lc_rd_eabi.lib</file>
         <name>int42.obj</name>
      </input_file>
      <input_file id="fl-5d">
         <path>D:\ti\ccsv6\tools\compiler\ti-cgt-msp430_4.4.7\lib\</path>
         <kind>archive</kind>
         <file>rts430x_lc_rd_eabi.lib</file>
         <name>int43.obj</name>
      </input_file>
      <input_file id="fl-5e">
         <path>D:\ti\ccsv6\tools\compiler\ti-cgt-msp430_4.4.7\lib\</path>
         <kind>archive</kind>
         <file>rts430x_lc_rd_eabi.lib</file>
         <name>int44.obj</name>
      </input_file>
      <input_file id="fl-5f">
         <path>D:\ti\ccsv6\tools\compiler\ti-cgt-msp430_4.4.7\lib\</path>
         <kind>archive</kind>
         <file>rts430x_lc_rd_eabi.lib</file>
         <name>int45.obj</name>
      </input_file>
      <input_file id="fl-60">
         <path>D:\ti\ccsv6\tools\compiler\ti-cgt-msp430_4.4.7\lib\</path>
         <kind>archive</kind>
         <file>rts430x_lc_rd_eabi.lib</file>
         <name>int46.obj</name>
      </input_file>
      <input_file id="fl-61">
         <path>D:\ti\ccsv6\tools\compiler\ti-cgt-msp430_4.4.7\lib\</path>
         <kind>archive</kind>
         <file>rts430x_lc_rd_eabi.lib</file>
         <name>int48.obj</name>
      </input_file>
      <input_file id="fl-62">
         <path>D:\ti\ccsv6\tools\compiler\ti-cgt-msp430_4.4.7\lib\</path>
         <kind>archive</kind>
         <file>rts430x_lc_rd_eabi.lib</file>
         <name>int49.obj</name>
      </input_file>
      <input_file id="fl-63">
         <path>D:\ti\ccsv6\tools\compiler\ti-cgt-msp430_4.4.7\lib\</path>
         <kind>archive</kind>
         <file>rts430x_lc_rd_eabi.lib</file>
         <name>int50.obj</name>
      </input_file>
      <input_file id="fl-64">
         <path>D:\ti\ccsv6\tools\compiler\ti-cgt-msp430_4.4.7\lib\</path>
         <kind>archive</kind>
         <file>rts430x_lc_rd_eabi.lib</file>
         <name>int51.obj</name>
      </input_file>
      <input_file id="fl-65">
         <path>D:\ti\ccsv6\tools\compiler\ti-cgt-msp430_4.4.7\lib\</path>
         <kind>archive</kind>
         <file>rts430x_lc_rd_eabi.lib</file>
         <name>int52.obj</name>
      </input_file>
      <input_file id="fl-66">
         <path>D:\ti\ccsv6\tools\compiler\ti-cgt-msp430_4.4.7\lib\</path>
         <kind>archive</kind>
         <file>rts430x_lc_rd_eabi.lib</file>
         <name>int53.obj</name>
      </input_file>
      <input_file id="fl-67">
         <path>D:\ti\ccsv6\tools\compiler\ti-cgt-msp430_4.4.7\lib\</path>
         <kind>archive</kind>
         <file>rts430x_lc_rd_eabi.lib</file>
         <name>int54.obj</name>
      </input_file>
      <input_file id="fl-68">
         <path>D:\ti\ccsv6\tools\compiler\ti-cgt-msp430_4.4.7\lib\</path>
         <kind>archive</kind>
         <file>rts430x_lc_rd_eabi.lib</file>
         <name>copy_zero_init.obj</name>
      </input_file>
      <input_file id="fl-69">
         <path>D:\ti\ccsv6\tools\compiler\ti-cgt-msp430_4.4.7\lib\</path>
         <kind>archive</kind>
         <file>rts430x_lc_rd_eabi.lib</file>
         <name>div16s.obj</name>
      </input_file>
      <input_file id="fl-6a">
         <path>D:\ti\ccsv6\tools\compiler\ti-cgt-msp430_4.4.7\lib\</path>
         <kind>archive</kind>
         <file>rts430x_lc_rd_eabi.lib</file>
         <name>div32s.obj</name>
      </input_file>
      <input_file id="fl-6b">
         <path>D:\ti\ccsv6\tools\compiler\ti-cgt-msp430_4.4.7\lib\</path>
         <kind>archive</kind>
         <file>rts430x_lc_rd_eabi.lib</file>
         <name>div16u.obj</name>
      </input_file>
      <input_file id="fl-6c">
         <path>D:\ti\ccsv6\tools\compiler\ti-cgt-msp430_4.4.7\lib\</path>
         <kind>archive</kind>
         <file>rts430x_lc_rd_eabi.lib</file>
         <name>div32u.obj</name>
      </input_file>
      <input_file id="fl-6d">
         <path>D:\ti\ccsv6\tools\compiler\ti-cgt-msp430_4.4.7\lib\</path>
         <kind>archive</kind>
         <file>rts430x_lc_rd_eabi.lib</file>
         <name>mult16_f5hw.obj</name>
      </input_file>
      <input_file id="fl-6e">
         <path>D:\ti\ccsv6\tools\compiler\ti-cgt-msp430_4.4.7\lib\</path>
         <kind>archive</kind>
         <file>rts430x_lc_rd_eabi.lib</file>
         <name>mult32_f5hw.obj</name>
      </input_file>
      <input_file id="fl-6f">
         <path>D:\ti\ccsv6\tools\compiler\ti-cgt-msp430_4.4.7\lib\</path>
         <kind>archive</kind>
         <file>rts430x_lc_rd_eabi.lib</file>
         <name>mult64_f5hw.obj</name>
      </input_file>
      <input_file id="fl-70">
         <path>D:\ti\ccsv6\tools\compiler\ti-cgt-msp430_4.4.7\lib\</path>
         <kind>archive</kind>
         <file>rts430x_lc_rd_eabi.lib</file>
         <name>mult1632_f5hw.obj</name>
      </input_file>
      <input_file id="fl-71">
         <path>D:\ti\ccsv6\tools\compiler\ti-cgt-msp430_4.4.7\lib\</path>
         <kind>archive</kind>
         <file>rts430x_lc_rd_eabi.lib</file>
         <name>mult3264_f5hw.obj</name>
      </input_file>
      <input_file id="fl-72">
         <path>D:\ti\grace_3_10_00_82\packages\ti\targets\msp430\rts430\lib\</path>
         <kind>archive</kind>
         <file>boot.ae430X</file>
         <name>boot.oe430X</name>
      </input_file>
      <input_file id="fl-73">
         <path>D:\ti\ccsv6\tools\compiler\ti-cgt-msp430_4.4.7\lib\</path>
         <kind>archive</kind>
         <file>rts430x_lc_rd_eabi.lib</file>
         <name>args_main.obj</name>
      </input_file>
      <input_file id="fl-74">
         <path>D:\ti\grace_3_10_00_82\packages\ti\targets\msp430\rts430\lib\</path>
         <kind>archive</kind>
         <file>boot.ae430X</file>
         <name>autoinit_wdt.oe430X</name>
      </input_file>
      <input_file id="fl-75">
         <path>D:\ti\grace_3_10_00_82\packages\ti\targets\msp430\rts430\lib\</path>
         <kind>archive</kind>
         <file>boot.ae430X</file>
         <name>boot_special.oe430X</name>
      </input_file>
      <input_file id="fl-76">
         <path>D:\ti\ccsv6\tools\compiler\ti-cgt-msp430_4.4.7\lib\</path>
         <kind>archive</kind>
         <file>rts430x_lc_rd_eabi.lib</file>
         <name>mpu_init.obj</name>
      </input_file>
      <input_file id="fl-77">
         <path>D:\ti\grace_3_10_00_82\packages\ti\targets\msp430\rts430\lib\</path>
         <kind>archive</kind>
         <file>boot.ae430X</file>
         <name>pre_init.oe430X</name>
      </input_file>
      <input_file id="fl-78">
         <path>D:\ti\ccsv6\tools\compiler\ti-cgt-msp430_4.4.7\lib\</path>
         <kind>archive</kind>
         <file>rts430x_lc_rd_eabi.lib</file>
         <name>memcpy.obj</name>
      </input_file>
      <input_file id="fl-79">
         <path>D:\ti\grace_3_10_00_82\packages\ti\catalog\msp430\init\lib\</path>
         <kind>archive</kind>
         <file>ti.catalog.msp430.init.ae430X</file>
         <name>Boot.oe430X</name>
      </input_file>
      <input_file id="fl-7a">
         <path>D:\ti\ccsv6\tools\compiler\ti-cgt-msp430_4.4.7\lib\</path>
         <kind>archive</kind>
         <file>rts430x_lc_rd_eabi.lib</file>
         <name>exit.obj</name>
      </input_file>
      <input_file id="fl-7b">
         <path>D:\ti\ccsv6\tools\compiler\ti-cgt-msp430_4.4.7\lib\</path>
         <kind>archive</kind>
         <file>rts430x_lc_rd_eabi.lib</file>
         <name>_lock.obj</name>
      </input_file>
   </input_file_list>
   <object_component_list>
      <object_component id="oc-41f">
         <name>.cinit..data.load</name>
         <load_address>0x46f6</load_address>
         <run_address>0x46f6</run_address>
         <size>0xc</size>
      </object_component>
      <object_component id="oc-41c">
         <name>__TI_handler_table</name>
         <load_address>0x4702</load_address>
         <run_address>0x4702</run_address>
         <size>0xc</size>
      </object_component>
      <object_component id="oc-41e">
         <name>.cinit..bss.load</name>
         <load_address>0x470e</load_address>
         <run_address>0x470e</run_address>
         <size>0x6</size>
      </object_component>
      <object_component id="oc-41d">
         <name>__TI_cinit_table</name>
         <load_address>0x4714</load_address>
         <run_address>0x4714</run_address>
         <size>0x10</size>
      </object_component>
      <object_component id="oc-1d2">
         <name>.const:GPIO_PORT_TO_BASE</name>
         <load_address>0x468e</load_address>
         <run_address>0x468e</run_address>
         <size>0x1c</size>
         <input_file_ref idref="fl-40"/>
      </object_component>
      <object_component id="oc-2ed">
         <name>.const</name>
         <load_address>0x46aa</load_address>
         <run_address>0x46aa</run_address>
         <size>0x16</size>
         <input_file_ref idref="fl-4a"/>
      </object_component>
      <object_component id="oc-32e">
         <name>.const</name>
         <load_address>0x46c0</load_address>
         <run_address>0x46c0</run_address>
         <size>0x12</size>
         <input_file_ref idref="fl-44"/>
      </object_component>
      <object_component id="oc-349">
         <name>.const</name>
         <load_address>0x46d2</load_address>
         <run_address>0x46d2</run_address>
         <size>0x12</size>
         <input_file_ref idref="fl-45"/>
      </object_component>
      <object_component id="oc-34d">
         <name>.const</name>
         <load_address>0x46e4</load_address>
         <run_address>0x46e4</run_address>
         <size>0x12</size>
         <input_file_ref idref="fl-46"/>
      </object_component>
      <object_component id="oc-10b">
         <name>.text:_isr:EUSCI_B0_ISR</name>
         <load_address>0x4400</load_address>
         <run_address>0x4400</run_address>
         <size>0x21c</size>
         <input_file_ref idref="fl-4"/>
      </object_component>
      <object_component id="oc-105">
         <name>.text:_isr:radio_interrupt_0</name>
         <load_address>0x461c</load_address>
         <run_address>0x461c</run_address>
         <size>0x46</size>
         <input_file_ref idref="fl-4"/>
      </object_component>
      <object_component id="oc-bb">
         <name>.text:_isr:_c_int00_noargs_noexit</name>
         <load_address>0x4662</load_address>
         <run_address>0x4662</run_address>
         <size>0x26</size>
         <input_file_ref idref="fl-75"/>
      </object_component>
      <object_component id="oc-100">
         <name>.text:_isr:__TI_ISR_TRAP</name>
         <load_address>0x4688</load_address>
         <run_address>0x4688</run_address>
         <size>0x6</size>
         <input_file_ref idref="fl-51"/>
      </object_component>
      <object_component id="oc-1b3">
         <name>.text:tlc_set_fun</name>
         <load_address>0x10000</load_address>
         <run_address>0x10000</run_address>
         <size>0xa6</size>
         <input_file_ref idref="fl-2"/>
      </object_component>
      <object_component id="oc-29a">
         <name>.text:PinMux_graceInit</name>
         <load_address>0x100a6</load_address>
         <run_address>0x100a6</run_address>
         <size>0xa2</size>
         <input_file_ref idref="fl-48"/>
      </object_component>
      <object_component id="oc-294">
         <name>.text:Timer1_A3_graceInit</name>
         <load_address>0x10148</load_address>
         <run_address>0x10148</run_address>
         <size>0x8a</size>
         <input_file_ref idref="fl-4a"/>
      </object_component>
      <object_component id="oc-2f0">
         <name>.text:Timer_A_initUpMode</name>
         <load_address>0x101d2</load_address>
         <run_address>0x101d2</run_address>
         <size>0x7c</size>
         <input_file_ref idref="fl-4b"/>
      </object_component>
      <object_component id="oc-124">
         <name>.text:_auto_init_hold_wdt</name>
         <load_address>0x1024e</load_address>
         <run_address>0x1024e</run_address>
         <size>0x70</size>
         <input_file_ref idref="fl-74"/>
      </object_component>
      <object_component id="oc-2a6">
         <name>.text:EUSCI_A0_graceInit</name>
         <load_address>0x102be</load_address>
         <run_address>0x102be</run_address>
         <size>0x6c</size>
         <input_file_ref idref="fl-44"/>
      </object_component>
      <object_component id="oc-2ac">
         <name>.text:EUSCI_A1_graceInit</name>
         <load_address>0x1032a</load_address>
         <run_address>0x1032a</run_address>
         <size>0x6c</size>
         <input_file_ref idref="fl-45"/>
      </object_component>
      <object_component id="oc-2b2">
         <name>.text:EUSCI_B0_graceInit</name>
         <load_address>0x10396</load_address>
         <run_address>0x10396</run_address>
         <size>0x6c</size>
         <input_file_ref idref="fl-46"/>
      </object_component>
      <object_component id="oc-315">
         <name>.text:CS_initClockSignal</name>
         <load_address>0x10402</load_address>
         <run_address>0x10402</run_address>
         <size>0x6a</size>
         <input_file_ref idref="fl-43"/>
      </object_component>
      <object_component id="oc-f3">
         <name>.text:__TI_decompress_rle_core</name>
         <load_address>0x1046c</load_address>
         <run_address>0x1046c</run_address>
         <size>0x68</size>
         <input_file_ref idref="fl-4f"/>
      </object_component>
      <object_component id="oc-2a0">
         <name>.text:CS_A_graceInit</name>
         <load_address>0x104d4</load_address>
         <run_address>0x104d4</run_address>
         <size>0x66</size>
         <input_file_ref idref="fl-42"/>
      </object_component>
      <object_component id="oc-1b9">
         <name>.text:tlc_set_gs</name>
         <load_address>0x1053a</load_address>
         <run_address>0x1053a</run_address>
         <size>0x62</size>
         <input_file_ref idref="fl-2"/>
      </object_component>
      <object_component id="oc-331">
         <name>.text:EUSCI_A_SPI_initMaster</name>
         <load_address>0x1059c</load_address>
         <run_address>0x1059c</run_address>
         <size>0x5c</size>
         <input_file_ref idref="fl-3e"/>
      </object_component>
      <object_component id="oc-30f">
         <name>.text:CS_turnOnLFXTWithTimeout</name>
         <load_address>0x105f8</load_address>
         <run_address>0x105f8</run_address>
         <size>0x58</size>
         <input_file_ref idref="fl-43"/>
      </object_component>
      <object_component id="oc-390">
         <name>.text</name>
         <load_address>0x10650</load_address>
         <run_address>0x10650</run_address>
         <size>0x58</size>
         <input_file_ref idref="fl-6c"/>
      </object_component>
      <object_component id="oc-350">
         <name>.text:EUSCI_B_SPI_initMaster</name>
         <load_address>0x106a8</load_address>
         <run_address>0x106a8</run_address>
         <size>0x56</size>
         <input_file_ref idref="fl-3f"/>
      </object_component>
      <object_component id="oc-2cb">
         <name>.text:led_loopback</name>
         <load_address>0x106fe</load_address>
         <run_address>0x106fe</run_address>
         <size>0x42</size>
         <input_file_ref idref="fl-2"/>
      </object_component>
      <object_component id="oc-2f6">
         <name>.text:Timer_A_initCompareMode</name>
         <load_address>0x10740</load_address>
         <run_address>0x10740</run_address>
         <size>0x38</size>
         <input_file_ref idref="fl-4b"/>
      </object_component>
      <object_component id="oc-371">
         <name>.text:usci_a1_recv_sync</name>
         <load_address>0x10778</load_address>
         <run_address>0x10778</run_address>
         <size>0x30</size>
         <input_file_ref idref="fl-2"/>
      </object_component>
      <object_component id="oc-237">
         <name>.text:usci_a1_send_sync</name>
         <load_address>0x107a8</load_address>
         <run_address>0x107a8</run_address>
         <size>0x30</size>
         <input_file_ref idref="fl-2"/>
      </object_component>
      <object_component id="oc-321">
         <name>.text:CS_clearAllOscFlagsWithTimeout</name>
         <load_address>0x107d8</load_address>
         <run_address>0x107d8</run_address>
         <size>0x2e</size>
         <input_file_ref idref="fl-43"/>
      </object_component>
      <object_component id="oc-224">
         <name>.text:Grace_init</name>
         <load_address>0x10806</load_address>
         <run_address>0x10806</run_address>
         <size>0x2e</size>
         <input_file_ref idref="fl-41"/>
      </object_component>
      <object_component id="oc-22a">
         <name>.text:init_leds</name>
         <load_address>0x10834</load_address>
         <run_address>0x10834</run_address>
         <size>0x2e</size>
         <input_file_ref idref="fl-2"/>
      </object_component>
      <object_component id="oc-189">
         <name>.text:write_single_register_async</name>
         <load_address>0x10862</load_address>
         <run_address>0x10862</run_address>
         <size>0x2c</size>
         <input_file_ref idref="fl-4"/>
      </object_component>
      <object_component id="oc-9d">
         <name>.text:decompress:ZI:__TI_zero_init</name>
         <load_address>0x1088e</load_address>
         <run_address>0x1088e</run_address>
         <size>0x24</size>
         <input_file_ref idref="fl-68"/>
      </object_component>
      <object_component id="oc-36a">
         <name>.text:WDT_A_hold</name>
         <load_address>0x108b2</load_address>
         <run_address>0x108b2</run_address>
         <size>0x20</size>
         <input_file_ref idref="fl-4d"/>
      </object_component>
      <object_component id="oc-144">
         <name>.text:main</name>
         <load_address>0x108d2</load_address>
         <run_address>0x108d2</run_address>
         <size>0x20</size>
         <input_file_ref idref="fl-3"/>
      </object_component>
      <object_component id="oc-177">
         <name>.text:GPIO_clearInterrupt</name>
         <load_address>0x108f2</load_address>
         <run_address>0x108f2</run_address>
         <size>0x1e</size>
         <input_file_ref idref="fl-40"/>
      </object_component>
      <object_component id="oc-23d">
         <name>.text:GPIO_setOutputHighOnPin</name>
         <load_address>0x10910</load_address>
         <run_address>0x10910</run_address>
         <size>0x1c</size>
         <input_file_ref idref="fl-40"/>
      </object_component>
      <object_component id="oc-243">
         <name>.text:GPIO_setOutputLowOnPin</name>
         <load_address>0x1092c</load_address>
         <run_address>0x1092c</run_address>
         <size>0x1c</size>
         <input_file_ref idref="fl-40"/>
      </object_component>
      <object_component id="oc-309">
         <name>.text:CS_setExternalClockSource</name>
         <load_address>0x10948</load_address>
         <run_address>0x10948</run_address>
         <size>0x1a</size>
         <input_file_ref idref="fl-43"/>
      </object_component>
      <object_component id="oc-e6">
         <name>.text:memcpy</name>
         <load_address>0x10962</load_address>
         <run_address>0x10962</run_address>
         <size>0x14</size>
         <input_file_ref idref="fl-78"/>
      </object_component>
      <object_component id="oc-31b">
         <name>.text:CS_setDCOFreq</name>
         <load_address>0x10976</load_address>
         <run_address>0x10976</run_address>
         <size>0x12</size>
         <input_file_ref idref="fl-43"/>
      </object_component>
      <object_component id="oc-78">
         <name>.text:decompress:none:__TI_decompress_none</name>
         <load_address>0x10988</load_address>
         <run_address>0x10988</run_address>
         <size>0x12</size>
         <input_file_ref idref="fl-4e"/>
      </object_component>
      <object_component id="oc-327">
         <name>.text:CS_disableClockRequest</name>
         <load_address>0x1099a</load_address>
         <run_address>0x1099a</run_address>
         <size>0x10</size>
         <input_file_ref idref="fl-43"/>
      </object_component>
      <object_component id="oc-33d">
         <name>.text:EUSCI_A_SPI_disableInterrupt</name>
         <load_address>0x109aa</load_address>
         <run_address>0x109aa</run_address>
         <size>0xe</size>
         <input_file_ref idref="fl-3e"/>
      </object_component>
      <object_component id="oc-35c">
         <name>.text:EUSCI_B_SPI_disableInterrupt</name>
         <load_address>0x109b8</load_address>
         <run_address>0x109b8</run_address>
         <size>0xe</size>
         <input_file_ref idref="fl-3f"/>
      </object_component>
      <object_component id="oc-2d3">
         <name>.text:EUSCI_A_SPI_transmitData</name>
         <load_address>0x109c6</load_address>
         <run_address>0x109c6</run_address>
         <size>0xc</size>
         <input_file_ref idref="fl-3e"/>
      </object_component>
      <object_component id="oc-171">
         <name>.text:EUSCI_B_SPI_transmitData</name>
         <load_address>0x109d2</load_address>
         <run_address>0x109d2</run_address>
         <size>0xc</size>
         <input_file_ref idref="fl-3f"/>
      </object_component>
      <object_component id="oc-118">
         <name>.text:.bootCodeSection:ti_catalog_msp430_init_Boot_init</name>
         <load_address>0x109de</load_address>
         <run_address>0x109de</run_address>
         <size>0xa</size>
         <input_file_ref idref="fl-8"/>
      </object_component>
      <object_component id="oc-231">
         <name>.text:EUSCI_A_SPI_getInterruptStatus</name>
         <load_address>0x109e8</load_address>
         <run_address>0x109e8</run_address>
         <size>0xa</size>
         <input_file_ref idref="fl-3e"/>
      </object_component>
      <object_component id="oc-2df">
         <name>.text:EUSCI_A_SPI_receiveData</name>
         <load_address>0x109f2</load_address>
         <run_address>0x109f2</run_address>
         <size>0xa</size>
         <input_file_ref idref="fl-3e"/>
      </object_component>
      <object_component id="oc-2d9">
         <name>.text:EUSCI_B_SPI_getInterruptStatus</name>
         <load_address>0x109fc</load_address>
         <run_address>0x109fc</run_address>
         <size>0xa</size>
         <input_file_ref idref="fl-3f"/>
      </object_component>
      <object_component id="oc-181">
         <name>.text:EUSCI_B_SPI_receiveData</name>
         <load_address>0x10a06</load_address>
         <run_address>0x10a06</run_address>
         <size>0xa</size>
         <input_file_ref idref="fl-3f"/>
      </object_component>
      <object_component id="oc-2c4">
         <name>.text:WDT_A_graceInit</name>
         <load_address>0x10a10</load_address>
         <run_address>0x10a10</run_address>
         <size>0xa</size>
         <input_file_ref idref="fl-4c"/>
      </object_component>
      <object_component id="oc-1ad">
         <name>.text:init</name>
         <load_address>0x10a1a</load_address>
         <run_address>0x10a1a</run_address>
         <size>0xa</size>
         <input_file_ref idref="fl-3"/>
      </object_component>
      <object_component id="oc-192">
         <name>.text:.bootCodeSection:ti_catalog_msp430_init_Boot_disableWatchdog</name>
         <load_address>0x10a24</load_address>
         <run_address>0x10a24</run_address>
         <size>0x8</size>
         <input_file_ref idref="fl-79"/>
      </object_component>
      <object_component id="oc-2be">
         <name>.text:System_graceInit</name>
         <load_address>0x10a2c</load_address>
         <run_address>0x10a2c</run_address>
         <size>0x8</size>
         <input_file_ref idref="fl-49"/>
      </object_component>
      <object_component id="oc-337">
         <name>.text:EUSCI_A_SPI_enable</name>
         <load_address>0x10a34</load_address>
         <run_address>0x10a34</run_address>
         <size>0x6</size>
         <input_file_ref idref="fl-3e"/>
      </object_component>
      <object_component id="oc-356">
         <name>.text:EUSCI_B_SPI_enable</name>
         <load_address>0x10a3a</load_address>
         <run_address>0x10a3a</run_address>
         <size>0x6</size>
         <input_file_ref idref="fl-3f"/>
      </object_component>
      <object_component id="oc-2fc">
         <name>.text:Timer_A_startCounter</name>
         <load_address>0x10a40</load_address>
         <run_address>0x10a40</run_address>
         <size>0x6</size>
         <input_file_ref idref="fl-4b"/>
      </object_component>
      <object_component id="oc-7e">
         <name>.text:decompress:rle24:__TI_decompress_rle24</name>
         <load_address>0x10a46</load_address>
         <run_address>0x10a46</run_address>
         <size>0x6</size>
         <input_file_ref idref="fl-4f"/>
      </object_component>
      <object_component id="oc-11e">
         <name>.text:_system_pre_init</name>
         <load_address>0x10a4c</load_address>
         <run_address>0x10a4c</run_address>
         <size>0x4</size>
         <input_file_ref idref="fl-77"/>
      </object_component>
      <object_component id="oc-13d">
         <name>.text:abort</name>
         <load_address>0x10a50</load_address>
         <run_address>0x10a50</run_address>
         <size>0x4</size>
         <input_file_ref idref="fl-7a"/>
      </object_component>
      <object_component id="oc-2b8">
         <name>.text:InterruptVectors_graceInit</name>
         <load_address>0x10a54</load_address>
         <run_address>0x10a54</run_address>
         <size>0x2</size>
         <input_file_ref idref="fl-47"/>
      </object_component>
      <object_component id="oc-188">
         <name>.common:in_payload</name>
         <uninitialized>true</uninitialized>
         <run_address>0x1c3e</run_address>
         <size>0xa</size>
      </object_component>
      <object_component id="oc-17e">
         <name>.common:out_payload</name>
         <uninitialized>true</uninitialized>
         <run_address>0x1c48</run_address>
         <size>0xa</size>
      </object_component>
      <object_component id="oc-187">
         <name>.common:in_bytes</name>
         <uninitialized>true</uninitialized>
         <run_address>0x1c34</run_address>
         <size>0xa</size>
      </object_component>
      <object_component id="oc-24a">
         <name>.data:gs_data</name>
         <load_address>0x1c00</load_address>
         <run_address>0x1c00</run_address>
         <size>0x20</size>
         <input_file_ref idref="fl-2"/>
      </object_component>
      <object_component id="oc-16e">
         <name>.data</name>
         <load_address>0x1c20</load_address>
         <run_address>0x1c20</run_address>
         <size>0xb</size>
         <input_file_ref idref="fl-4"/>
      </object_component>
      <object_component id="oc-384">
         <name>.data</name>
         <load_address>0x1c2c</load_address>
         <run_address>0x1c2c</run_address>
         <size>0x8</size>
         <input_file_ref idref="fl-43"/>
      </object_component>
      <object_component id="oc-e2">
         <name>.stack</name>
         <uninitialized>true</uninitialized>
         <run_address>0x23c0</run_address>
         <size>0x4</size>
         <input_file_ref idref="fl-72"/>
      </object_component>
      <object_component id="oc-420">
         <name>.stack</name>
         <uninitialized>true</uninitialized>
         <run_address>0x23c0</run_address>
         <size>0x0</size>
      </object_component>
      <object_component id="oc-84">
         <name>.int30</name>
         <load_address>0xffcc</load_address>
         <run_address>0xffcc</run_address>
         <size>0x2</size>
         <input_file_ref idref="fl-50"/>
      </object_component>
      <object_component id="oc-85">
         <name>.int31</name>
         <load_address>0xffce</load_address>
         <run_address>0xffce</run_address>
         <size>0x2</size>
         <input_file_ref idref="fl-52"/>
      </object_component>
      <object_component id="oc-86">
         <name>.int32</name>
         <load_address>0xffd0</load_address>
         <run_address>0xffd0</run_address>
         <size>0x2</size>
         <input_file_ref idref="fl-53"/>
      </object_component>
      <object_component id="oc-87">
         <name>.int33</name>
         <load_address>0xffd2</load_address>
         <run_address>0xffd2</run_address>
         <size>0x2</size>
         <input_file_ref idref="fl-4"/>
      </object_component>
      <object_component id="oc-88">
         <name>.int34</name>
         <load_address>0xffd4</load_address>
         <run_address>0xffd4</run_address>
         <size>0x2</size>
         <input_file_ref idref="fl-54"/>
      </object_component>
      <object_component id="oc-89">
         <name>.int35</name>
         <load_address>0xffd6</load_address>
         <run_address>0xffd6</run_address>
         <size>0x2</size>
         <input_file_ref idref="fl-55"/>
      </object_component>
      <object_component id="oc-8a">
         <name>.int36</name>
         <load_address>0xffd8</load_address>
         <run_address>0xffd8</run_address>
         <size>0x2</size>
         <input_file_ref idref="fl-56"/>
      </object_component>
      <object_component id="oc-8b">
         <name>.int37</name>
         <load_address>0xffda</load_address>
         <run_address>0xffda</run_address>
         <size>0x2</size>
         <input_file_ref idref="fl-57"/>
      </object_component>
      <object_component id="oc-8c">
         <name>.int38</name>
         <load_address>0xffdc</load_address>
         <run_address>0xffdc</run_address>
         <size>0x2</size>
         <input_file_ref idref="fl-58"/>
      </object_component>
      <object_component id="oc-8d">
         <name>.int39</name>
         <load_address>0xffde</load_address>
         <run_address>0xffde</run_address>
         <size>0x2</size>
         <input_file_ref idref="fl-59"/>
      </object_component>
      <object_component id="oc-8e">
         <name>.int40</name>
         <load_address>0xffe0</load_address>
         <run_address>0xffe0</run_address>
         <size>0x2</size>
         <input_file_ref idref="fl-5a"/>
      </object_component>
      <object_component id="oc-8f">
         <name>.int41</name>
         <load_address>0xffe2</load_address>
         <run_address>0xffe2</run_address>
         <size>0x2</size>
         <input_file_ref idref="fl-5b"/>
      </object_component>
      <object_component id="oc-90">
         <name>.int42</name>
         <load_address>0xffe4</load_address>
         <run_address>0xffe4</run_address>
         <size>0x2</size>
         <input_file_ref idref="fl-5c"/>
      </object_component>
      <object_component id="oc-91">
         <name>.int43</name>
         <load_address>0xffe6</load_address>
         <run_address>0xffe6</run_address>
         <size>0x2</size>
         <input_file_ref idref="fl-5d"/>
      </object_component>
      <object_component id="oc-92">
         <name>.int44</name>
         <load_address>0xffe8</load_address>
         <run_address>0xffe8</run_address>
         <size>0x2</size>
         <input_file_ref idref="fl-5e"/>
      </object_component>
      <object_component id="oc-93">
         <name>.int45</name>
         <load_address>0xffea</load_address>
         <run_address>0xffea</run_address>
         <size>0x2</size>
         <input_file_ref idref="fl-5f"/>
      </object_component>
      <object_component id="oc-94">
         <name>.int46</name>
         <load_address>0xffec</load_address>
         <run_address>0xffec</run_address>
         <size>0x2</size>
         <input_file_ref idref="fl-60"/>
      </object_component>
      <object_component id="oc-95">
         <name>.int47</name>
         <load_address>0xffee</load_address>
         <run_address>0xffee</run_address>
         <size>0x2</size>
         <input_file_ref idref="fl-4"/>
      </object_component>
      <object_component id="oc-96">
         <name>.int48</name>
         <load_address>0xfff0</load_address>
         <run_address>0xfff0</run_address>
         <size>0x2</size>
         <input_file_ref idref="fl-61"/>
      </object_component>
      <object_component id="oc-97">
         <name>.int49</name>
         <load_address>0xfff2</load_address>
         <run_address>0xfff2</run_address>
         <size>0x2</size>
         <input_file_ref idref="fl-62"/>
      </object_component>
      <object_component id="oc-98">
         <name>.int50</name>
         <load_address>0xfff4</load_address>
         <run_address>0xfff4</run_address>
         <size>0x2</size>
         <input_file_ref idref="fl-63"/>
      </object_component>
      <object_component id="oc-99">
         <name>.int51</name>
         <load_address>0xfff6</load_address>
         <run_address>0xfff6</run_address>
         <size>0x2</size>
         <input_file_ref idref="fl-64"/>
      </object_component>
      <object_component id="oc-9a">
         <name>.int52</name>
         <load_address>0xfff8</load_address>
         <run_address>0xfff8</run_address>
         <size>0x2</size>
         <input_file_ref idref="fl-65"/>
      </object_component>
      <object_component id="oc-9b">
         <name>.int53</name>
         <load_address>0xfffa</load_address>
         <run_address>0xfffa</run_address>
         <size>0x2</size>
         <input_file_ref idref="fl-66"/>
      </object_component>
      <object_component id="oc-9c">
         <name>.int54</name>
         <load_address>0xfffc</load_address>
         <run_address>0xfffc</run_address>
         <size>0x2</size>
         <input_file_ref idref="fl-67"/>
      </object_component>
      <object_component id="oc-e5">
         <name>.reset</name>
         <load_address>0xfffe</load_address>
         <run_address>0xfffe</run_address>
         <size>0x2</size>
         <input_file_ref idref="fl-72"/>
      </object_component>
      <object_component id="oc-df">
         <name>xdc.meta</name>
         <load_address>0x0</load_address>
         <run_address>0x0</run_address>
         <size>0xec</size>
         <input_file_ref idref="fl-8"/>
      </object_component>
      <object_component id="oc-2ea">
         <name>.debug_info</name>
         <load_address>0x0</load_address>
         <run_address>0x0</run_address>
         <size>0x350</size>
         <input_file_ref idref="fl-2"/>
      </object_component>
      <object_component id="oc-24b">
         <name>.debug_info</name>
         <load_address>0x350</load_address>
         <run_address>0x350</run_address>
         <size>0xc3</size>
         <input_file_ref idref="fl-2"/>
      </object_component>
      <object_component id="oc-238">
         <name>.debug_info</name>
         <load_address>0x413</load_address>
         <run_address>0x413</run_address>
         <size>0x1aa</size>
         <input_file_ref idref="fl-2"/>
      </object_component>
      <object_component id="oc-372">
         <name>.debug_info</name>
         <load_address>0x5bd</load_address>
         <run_address>0x5bd</run_address>
         <size>0x1ae</size>
         <input_file_ref idref="fl-2"/>
      </object_component>
      <object_component id="oc-1ba">
         <name>.debug_info</name>
         <load_address>0x76b</load_address>
         <run_address>0x76b</run_address>
         <size>0x1c5</size>
         <input_file_ref idref="fl-2"/>
      </object_component>
      <object_component id="oc-1b4">
         <name>.debug_info</name>
         <load_address>0x930</load_address>
         <run_address>0x930</run_address>
         <size>0x239</size>
         <input_file_ref idref="fl-2"/>
      </object_component>
      <object_component id="oc-2cc">
         <name>.debug_info</name>
         <load_address>0xb69</load_address>
         <run_address>0xb69</run_address>
         <size>0x192</size>
         <input_file_ref idref="fl-2"/>
      </object_component>
      <object_component id="oc-22c">
         <name>.debug_info</name>
         <load_address>0xcfb</load_address>
         <run_address>0xcfb</run_address>
         <size>0x139</size>
         <input_file_ref idref="fl-2"/>
      </object_component>
      <object_component id="oc-1d8">
         <name>.debug_info</name>
         <load_address>0xe34</load_address>
         <run_address>0xe34</run_address>
         <size>0xd6</size>
         <input_file_ref idref="fl-2"/>
      </object_component>
      <object_component id="oc-344">
         <name>.debug_info</name>
         <load_address>0xf0a</load_address>
         <run_address>0xf0a</run_address>
         <size>0x174</size>
         <input_file_ref idref="fl-2"/>
      </object_component>
      <object_component id="oc-363">
         <name>.debug_info</name>
         <load_address>0x107e</load_address>
         <run_address>0x107e</run_address>
         <size>0x174</size>
         <input_file_ref idref="fl-2"/>
      </object_component>
      <object_component id="oc-303">
         <name>.debug_info</name>
         <load_address>0x11f2</load_address>
         <run_address>0x11f2</run_address>
         <size>0x392</size>
         <input_file_ref idref="fl-2"/>
      </object_component>
      <object_component id="oc-1c0">
         <name>.debug_info</name>
         <load_address>0x1584</load_address>
         <run_address>0x1584</run_address>
         <size>0x8b</size>
         <input_file_ref idref="fl-2"/>
      </object_component>
      <object_component id="oc-19c">
         <name>.debug_info</name>
         <load_address>0x160f</load_address>
         <run_address>0x160f</run_address>
         <size>0x18b</size>
         <input_file_ref idref="fl-2"/>
      </object_component>
      <object_component id="oc-15e">
         <name>.debug_info</name>
         <load_address>0x179a</load_address>
         <run_address>0x179a</run_address>
         <size>0x2c</size>
         <input_file_ref idref="fl-2"/>
      </object_component>
      <object_component id="oc-255">
         <name>.debug_info</name>
         <load_address>0x17c6</load_address>
         <run_address>0x17c6</run_address>
         <size>0x2c</size>
         <input_file_ref idref="fl-2"/>
      </object_component>
      <object_component id="oc-1c5">
         <name>.debug_info</name>
         <load_address>0x17f2</load_address>
         <run_address>0x17f2</run_address>
         <size>0x1b8</size>
         <input_file_ref idref="fl-3"/>
      </object_component>
      <object_component id="oc-1ae">
         <name>.debug_info</name>
         <load_address>0x19aa</load_address>
         <run_address>0x19aa</run_address>
         <size>0x108</size>
         <input_file_ref idref="fl-3"/>
      </object_component>
      <object_component id="oc-145">
         <name>.debug_info</name>
         <load_address>0x1ab2</load_address>
         <run_address>0x1ab2</run_address>
         <size>0x133</size>
         <input_file_ref idref="fl-3"/>
      </object_component>
      <object_component id="oc-17f">
         <name>.debug_info</name>
         <load_address>0x1be5</load_address>
         <run_address>0x1be5</run_address>
         <size>0x55f</size>
         <input_file_ref idref="fl-4"/>
      </object_component>
      <object_component id="oc-16f">
         <name>.debug_info</name>
         <load_address>0x2144</load_address>
         <run_address>0x2144</run_address>
         <size>0x296</size>
         <input_file_ref idref="fl-4"/>
      </object_component>
      <object_component id="oc-18a">
         <name>.debug_info</name>
         <load_address>0x23da</load_address>
         <run_address>0x23da</run_address>
         <size>0x17b</size>
         <input_file_ref idref="fl-4"/>
      </object_component>
      <object_component id="oc-10d">
         <name>.debug_info</name>
         <load_address>0x2555</load_address>
         <run_address>0x2555</run_address>
         <size>0x23d</size>
         <input_file_ref idref="fl-4"/>
      </object_component>
      <object_component id="oc-107">
         <name>.debug_info</name>
         <load_address>0x2792</load_address>
         <run_address>0x2792</run_address>
         <size>0x141</size>
         <input_file_ref idref="fl-4"/>
      </object_component>
      <object_component id="oc-154">
         <name>.debug_info</name>
         <load_address>0x28d3</load_address>
         <run_address>0x28d3</run_address>
         <size>0x216</size>
         <input_file_ref idref="fl-8"/>
      </object_component>
      <object_component id="oc-e0">
         <name>.debug_info</name>
         <load_address>0x2ae9</load_address>
         <run_address>0x2ae9</run_address>
         <size>0x15f</size>
         <input_file_ref idref="fl-8"/>
      </object_component>
      <object_component id="oc-11a">
         <name>.debug_info</name>
         <load_address>0x2c48</load_address>
         <run_address>0x2c48</run_address>
         <size>0x18b</size>
         <input_file_ref idref="fl-8"/>
      </object_component>
      <object_component id="oc-1c8">
         <name>.debug_info</name>
         <load_address>0x2dd3</load_address>
         <run_address>0x2dd3</run_address>
         <size>0x364</size>
         <input_file_ref idref="fl-8"/>
      </object_component>
      <object_component id="oc-157">
         <name>.debug_info</name>
         <load_address>0x3137</load_address>
         <run_address>0x3137</run_address>
         <size>0x84</size>
         <input_file_ref idref="fl-8"/>
      </object_component>
      <object_component id="oc-1fc">
         <name>.debug_info</name>
         <load_address>0x31bb</load_address>
         <run_address>0x31bb</run_address>
         <size>0xd5</size>
         <input_file_ref idref="fl-8"/>
      </object_component>
      <object_component id="oc-250">
         <name>.debug_info</name>
         <load_address>0x3290</load_address>
         <run_address>0x3290</run_address>
         <size>0x46</size>
         <input_file_ref idref="fl-8"/>
      </object_component>
      <object_component id="oc-396">
         <name>.debug_info</name>
         <load_address>0x32d6</load_address>
         <run_address>0x32d6</run_address>
         <size>0x182</size>
         <input_file_ref idref="fl-3e"/>
      </object_component>
      <object_component id="oc-332">
         <name>.debug_info</name>
         <load_address>0x3458</load_address>
         <run_address>0x3458</run_address>
         <size>0x260</size>
         <input_file_ref idref="fl-3e"/>
      </object_component>
      <object_component id="oc-2d4">
         <name>.debug_info</name>
         <load_address>0x36b8</load_address>
         <run_address>0x36b8</run_address>
         <size>0x24c</size>
         <input_file_ref idref="fl-3e"/>
      </object_component>
      <object_component id="oc-2e0">
         <name>.debug_info</name>
         <load_address>0x3904</load_address>
         <run_address>0x3904</run_address>
         <size>0x20c</size>
         <input_file_ref idref="fl-3e"/>
      </object_component>
      <object_component id="oc-33f">
         <name>.debug_info</name>
         <load_address>0x3b10</load_address>
         <run_address>0x3b10</run_address>
         <size>0x234</size>
         <input_file_ref idref="fl-3e"/>
      </object_component>
      <object_component id="oc-232">
         <name>.debug_info</name>
         <load_address>0x3d44</load_address>
         <run_address>0x3d44</run_address>
         <size>0x23c</size>
         <input_file_ref idref="fl-3e"/>
      </object_component>
      <object_component id="oc-338">
         <name>.debug_info</name>
         <load_address>0x3f80</load_address>
         <run_address>0x3f80</run_address>
         <size>0x21d</size>
         <input_file_ref idref="fl-3e"/>
      </object_component>
      <object_component id="oc-3a0">
         <name>.debug_info</name>
         <load_address>0x419d</load_address>
         <run_address>0x419d</run_address>
         <size>0x182</size>
         <input_file_ref idref="fl-3f"/>
      </object_component>
      <object_component id="oc-354">
         <name>.debug_info</name>
         <load_address>0x431f</load_address>
         <run_address>0x431f</run_address>
         <size>0x260</size>
         <input_file_ref idref="fl-3f"/>
      </object_component>
      <object_component id="oc-174">
         <name>.debug_info</name>
         <load_address>0x457f</load_address>
         <run_address>0x457f</run_address>
         <size>0x24c</size>
         <input_file_ref idref="fl-3f"/>
      </object_component>
      <object_component id="oc-184">
         <name>.debug_info</name>
         <load_address>0x47cb</load_address>
         <run_address>0x47cb</run_address>
         <size>0x20c</size>
         <input_file_ref idref="fl-3f"/>
      </object_component>
      <object_component id="oc-35f">
         <name>.debug_info</name>
         <load_address>0x49d7</load_address>
         <run_address>0x49d7</run_address>
         <size>0x234</size>
         <input_file_ref idref="fl-3f"/>
      </object_component>
      <object_component id="oc-2dc">
         <name>.debug_info</name>
         <load_address>0x4c0b</load_address>
         <run_address>0x4c0b</run_address>
         <size>0x23c</size>
         <input_file_ref idref="fl-3f"/>
      </object_component>
      <object_component id="oc-359">
         <name>.debug_info</name>
         <load_address>0x4e47</load_address>
         <run_address>0x4e47</run_address>
         <size>0x21d</size>
         <input_file_ref idref="fl-3f"/>
      </object_component>
      <object_component id="oc-25c">
         <name>.debug_info</name>
         <load_address>0x5064</load_address>
         <run_address>0x5064</run_address>
         <size>0x181</size>
         <input_file_ref idref="fl-40"/>
      </object_component>
      <object_component id="oc-1d3">
         <name>.debug_info</name>
         <load_address>0x51e5</load_address>
         <run_address>0x51e5</run_address>
         <size>0x11b</size>
         <input_file_ref idref="fl-40"/>
      </object_component>
      <object_component id="oc-23f">
         <name>.debug_info</name>
         <load_address>0x5300</load_address>
         <run_address>0x5300</run_address>
         <size>0x27a</size>
         <input_file_ref idref="fl-40"/>
      </object_component>
      <object_component id="oc-245">
         <name>.debug_info</name>
         <load_address>0x557a</load_address>
         <run_address>0x557a</run_address>
         <size>0x278</size>
         <input_file_ref idref="fl-40"/>
      </object_component>
      <object_component id="oc-179">
         <name>.debug_info</name>
         <load_address>0x57f2</load_address>
         <run_address>0x57f2</run_address>
         <size>0x272</size>
         <input_file_ref idref="fl-40"/>
      </object_component>
      <object_component id="oc-227">
         <name>.debug_info</name>
         <load_address>0x5a64</load_address>
         <run_address>0x5a64</run_address>
         <size>0x1df</size>
         <input_file_ref idref="fl-41"/>
      </object_component>
      <object_component id="oc-2a4">
         <name>.debug_info</name>
         <load_address>0x5c43</load_address>
         <run_address>0x5c43</run_address>
         <size>0x21f</size>
         <input_file_ref idref="fl-42"/>
      </object_component>
      <object_component id="oc-385">
         <name>.debug_info</name>
         <load_address>0x5e62</load_address>
         <run_address>0x5e62</run_address>
         <size>0x16b</size>
         <input_file_ref idref="fl-43"/>
      </object_component>
      <object_component id="oc-30b">
         <name>.debug_info</name>
         <load_address>0x5fcd</load_address>
         <run_address>0x5fcd</run_address>
         <size>0x295</size>
         <input_file_ref idref="fl-43"/>
      </object_component>
      <object_component id="oc-317">
         <name>.debug_info</name>
         <load_address>0x6262</load_address>
         <run_address>0x6262</run_address>
         <size>0x2ce</size>
         <input_file_ref idref="fl-43"/>
      </object_component>
      <object_component id="oc-311">
         <name>.debug_info</name>
         <load_address>0x6530</load_address>
         <run_address>0x6530</run_address>
         <size>0x245</size>
         <input_file_ref idref="fl-43"/>
      </object_component>
      <object_component id="oc-329">
         <name>.debug_info</name>
         <load_address>0x6775</load_address>
         <run_address>0x6775</run_address>
         <size>0x20d</size>
         <input_file_ref idref="fl-43"/>
      </object_component>
      <object_component id="oc-322">
         <name>.debug_info</name>
         <load_address>0x6982</load_address>
         <run_address>0x6982</run_address>
         <size>0x21b</size>
         <input_file_ref idref="fl-43"/>
      </object_component>
      <object_component id="oc-31c">
         <name>.debug_info</name>
         <load_address>0x6b9d</load_address>
         <run_address>0x6b9d</run_address>
         <size>0x202</size>
         <input_file_ref idref="fl-43"/>
      </object_component>
      <object_component id="oc-38f">
         <name>.debug_info</name>
         <load_address>0x6d9f</load_address>
         <run_address>0x6d9f</run_address>
         <size>0x208</size>
         <input_file_ref idref="fl-44"/>
      </object_component>
      <object_component id="oc-32f">
         <name>.debug_info</name>
         <load_address>0x6fa7</load_address>
         <run_address>0x6fa7</run_address>
         <size>0xcc</size>
         <input_file_ref idref="fl-44"/>
      </object_component>
      <object_component id="oc-2a8">
         <name>.debug_info</name>
         <load_address>0x7073</load_address>
         <run_address>0x7073</run_address>
         <size>0x1d0</size>
         <input_file_ref idref="fl-44"/>
      </object_component>
      <object_component id="oc-39b">
         <name>.debug_info</name>
         <load_address>0x7243</load_address>
         <run_address>0x7243</run_address>
         <size>0x208</size>
         <input_file_ref idref="fl-45"/>
      </object_component>
      <object_component id="oc-34a">
         <name>.debug_info</name>
         <load_address>0x744b</load_address>
         <run_address>0x744b</run_address>
         <size>0xcc</size>
         <input_file_ref idref="fl-45"/>
      </object_component>
      <object_component id="oc-2ad">
         <name>.debug_info</name>
         <load_address>0x7517</load_address>
         <run_address>0x7517</run_address>
         <size>0x1d0</size>
         <input_file_ref idref="fl-45"/>
      </object_component>
      <object_component id="oc-39e">
         <name>.debug_info</name>
         <load_address>0x76e7</load_address>
         <run_address>0x76e7</run_address>
         <size>0x208</size>
         <input_file_ref idref="fl-46"/>
      </object_component>
      <object_component id="oc-34e">
         <name>.debug_info</name>
         <load_address>0x78ef</load_address>
         <run_address>0x78ef</run_address>
         <size>0xcc</size>
         <input_file_ref idref="fl-46"/>
      </object_component>
      <object_component id="oc-2b4">
         <name>.debug_info</name>
         <load_address>0x79bb</load_address>
         <run_address>0x79bb</run_address>
         <size>0x1d0</size>
         <input_file_ref idref="fl-46"/>
      </object_component>
      <object_component id="oc-2ba">
         <name>.debug_info</name>
         <load_address>0x7b8b</load_address>
         <run_address>0x7b8b</run_address>
         <size>0x141</size>
         <input_file_ref idref="fl-47"/>
      </object_component>
      <object_component id="oc-29b">
         <name>.debug_info</name>
         <load_address>0x7ccc</load_address>
         <run_address>0x7ccc</run_address>
         <size>0x10f</size>
         <input_file_ref idref="fl-48"/>
      </object_component>
      <object_component id="oc-2bf">
         <name>.debug_info</name>
         <load_address>0x7ddb</load_address>
         <run_address>0x7ddb</run_address>
         <size>0x10f</size>
         <input_file_ref idref="fl-49"/>
      </object_component>
      <object_component id="oc-37f">
         <name>.debug_info</name>
         <load_address>0x7eea</load_address>
         <run_address>0x7eea</run_address>
         <size>0x211</size>
         <input_file_ref idref="fl-4a"/>
      </object_component>
      <object_component id="oc-2ee">
         <name>.debug_info</name>
         <load_address>0x80fb</load_address>
         <run_address>0x80fb</run_address>
         <size>0xeb</size>
         <input_file_ref idref="fl-4a"/>
      </object_component>
      <object_component id="oc-295">
         <name>.debug_info</name>
         <load_address>0x81e6</load_address>
         <run_address>0x81e6</run_address>
         <size>0x1c1</size>
         <input_file_ref idref="fl-4a"/>
      </object_component>
      <object_component id="oc-381">
         <name>.debug_info</name>
         <load_address>0x83a7</load_address>
         <run_address>0x83a7</run_address>
         <size>0x190</size>
         <input_file_ref idref="fl-4b"/>
      </object_component>
      <object_component id="oc-2fd">
         <name>.debug_info</name>
         <load_address>0x8537</load_address>
         <run_address>0x8537</run_address>
         <size>0x24b</size>
         <input_file_ref idref="fl-4b"/>
      </object_component>
      <object_component id="oc-2f1">
         <name>.debug_info</name>
         <load_address>0x8782</load_address>
         <run_address>0x8782</run_address>
         <size>0x237</size>
         <input_file_ref idref="fl-4b"/>
      </object_component>
      <object_component id="oc-2f7">
         <name>.debug_info</name>
         <load_address>0x89b9</load_address>
         <run_address>0x89b9</run_address>
         <size>0x241</size>
         <input_file_ref idref="fl-4b"/>
      </object_component>
      <object_component id="oc-2c5">
         <name>.debug_info</name>
         <load_address>0x8bfa</load_address>
         <run_address>0x8bfa</run_address>
         <size>0x11b</size>
         <input_file_ref idref="fl-4c"/>
      </object_component>
      <object_component id="oc-36b">
         <name>.debug_info</name>
         <load_address>0x8d15</load_address>
         <run_address>0x8d15</run_address>
         <size>0x21c</size>
         <input_file_ref idref="fl-4d"/>
      </object_component>
      <object_component id="oc-f2">
         <name>.debug_info</name>
         <load_address>0x8f31</load_address>
         <run_address>0x8f31</run_address>
         <size>0x1dc</size>
         <input_file_ref idref="fl-4e"/>
      </object_component>
      <object_component id="oc-7a">
         <name>.debug_info</name>
         <load_address>0x910d</load_address>
         <run_address>0x910d</run_address>
         <size>0x1de</size>
         <input_file_ref idref="fl-4e"/>
      </object_component>
      <object_component id="oc-ed">
         <name>.debug_info</name>
         <load_address>0x92eb</load_address>
         <run_address>0x92eb</run_address>
         <size>0x46</size>
         <input_file_ref idref="fl-4e"/>
      </object_component>
      <object_component id="oc-165">
         <name>.debug_info</name>
         <load_address>0x9331</load_address>
         <run_address>0x9331</run_address>
         <size>0x2c</size>
         <input_file_ref idref="fl-4e"/>
      </object_component>
      <object_component id="oc-fa">
         <name>.debug_info</name>
         <load_address>0x935d</load_address>
         <run_address>0x935d</run_address>
         <size>0x199</size>
         <input_file_ref idref="fl-4f"/>
      </object_component>
      <object_component id="oc-f4">
         <name>.debug_info</name>
         <load_address>0x94f6</load_address>
         <run_address>0x94f6</run_address>
         <size>0x250</size>
         <input_file_ref idref="fl-4f"/>
      </object_component>
      <object_component id="oc-7f">
         <name>.debug_info</name>
         <load_address>0x9746</load_address>
         <run_address>0x9746</run_address>
         <size>0x1c7</size>
         <input_file_ref idref="fl-4f"/>
      </object_component>
      <object_component id="oc-fb">
         <name>.debug_info</name>
         <load_address>0x990d</load_address>
         <run_address>0x990d</run_address>
         <size>0x39</size>
         <input_file_ref idref="fl-4f"/>
      </object_component>
      <object_component id="oc-101">
         <name>.debug_info</name>
         <load_address>0x9946</load_address>
         <run_address>0x9946</run_address>
         <size>0x121</size>
         <input_file_ref idref="fl-51"/>
      </object_component>
      <object_component id="oc-117">
         <name>.debug_info</name>
         <load_address>0x9a67</load_address>
         <run_address>0x9a67</run_address>
         <size>0x18a</size>
         <input_file_ref idref="fl-68"/>
      </object_component>
      <object_component id="oc-9e">
         <name>.debug_info</name>
         <load_address>0x9bf1</load_address>
         <run_address>0x9bf1</run_address>
         <size>0x1d0</size>
         <input_file_ref idref="fl-68"/>
      </object_component>
      <object_component id="oc-112">
         <name>.debug_info</name>
         <load_address>0x9dc1</load_address>
         <run_address>0x9dc1</run_address>
         <size>0x46</size>
         <input_file_ref idref="fl-68"/>
      </object_component>
      <object_component id="oc-392">
         <name>.debug_info</name>
         <load_address>0x9e07</load_address>
         <run_address>0x9e07</run_address>
         <size>0x135</size>
         <input_file_ref idref="fl-6c"/>
      </object_component>
      <object_component id="oc-e3">
         <name>.debug_info</name>
         <load_address>0x9f3c</load_address>
         <run_address>0x9f3c</run_address>
         <size>0xd4</size>
         <input_file_ref idref="fl-72"/>
      </object_component>
      <object_component id="oc-206">
         <name>.debug_info</name>
         <load_address>0xa010</load_address>
         <run_address>0xa010</run_address>
         <size>0x2c</size>
         <input_file_ref idref="fl-72"/>
      </object_component>
      <object_component id="oc-19b">
         <name>.debug_info</name>
         <load_address>0xa03c</load_address>
         <run_address>0xa03c</run_address>
         <size>0x9ad</size>
         <input_file_ref idref="fl-74"/>
      </object_component>
      <object_component id="oc-125">
         <name>.debug_info</name>
         <load_address>0xa9e9</load_address>
         <run_address>0xa9e9</run_address>
         <size>0x1ed</size>
         <input_file_ref idref="fl-74"/>
      </object_component>
      <object_component id="oc-1f7">
         <name>.debug_info</name>
         <load_address>0xabd6</load_address>
         <run_address>0xabd6</run_address>
         <size>0x2b4</size>
         <input_file_ref idref="fl-74"/>
      </object_component>
      <object_component id="oc-1e8">
         <name>.debug_info</name>
         <load_address>0xae8a</load_address>
         <run_address>0xae8a</run_address>
         <size>0x363</size>
         <input_file_ref idref="fl-74"/>
      </object_component>
      <object_component id="oc-26e">
         <name>.debug_info</name>
         <load_address>0xb1ed</load_address>
         <run_address>0xb1ed</run_address>
         <size>0x2a1</size>
         <input_file_ref idref="fl-74"/>
      </object_component>
      <object_component id="oc-287">
         <name>.debug_info</name>
         <load_address>0xb48e</load_address>
         <run_address>0xb48e</run_address>
         <size>0x237</size>
         <input_file_ref idref="fl-74"/>
      </object_component>
      <object_component id="oc-28c">
         <name>.debug_info</name>
         <load_address>0xb6c5</load_address>
         <run_address>0xb6c5</run_address>
         <size>0x24b</size>
         <input_file_ref idref="fl-74"/>
      </object_component>
      <object_component id="oc-278">
         <name>.debug_info</name>
         <load_address>0xb910</load_address>
         <run_address>0xb910</run_address>
         <size>0x16d</size>
         <input_file_ref idref="fl-74"/>
      </object_component>
      <object_component id="oc-201">
         <name>.debug_info</name>
         <load_address>0xba7d</load_address>
         <run_address>0xba7d</run_address>
         <size>0x561</size>
         <input_file_ref idref="fl-74"/>
      </object_component>
      <object_component id="oc-27d">
         <name>.debug_info</name>
         <load_address>0xbfde</load_address>
         <run_address>0xbfde</run_address>
         <size>0x14b</size>
         <input_file_ref idref="fl-74"/>
      </object_component>
      <object_component id="oc-1f2">
         <name>.debug_info</name>
         <load_address>0xc129</load_address>
         <run_address>0xc129</run_address>
         <size>0x39</size>
         <input_file_ref idref="fl-74"/>
      </object_component>
      <object_component id="oc-273">
         <name>.debug_info</name>
         <load_address>0xc162</load_address>
         <run_address>0xc162</run_address>
         <size>0x12a</size>
         <input_file_ref idref="fl-74"/>
      </object_component>
      <object_component id="oc-20b">
         <name>.debug_info</name>
         <load_address>0xc28c</load_address>
         <run_address>0xc28c</run_address>
         <size>0xcd</size>
         <input_file_ref idref="fl-74"/>
      </object_component>
      <object_component id="oc-1ed">
         <name>.debug_info</name>
         <load_address>0xc359</load_address>
         <run_address>0xc359</run_address>
         <size>0xb8c</size>
         <input_file_ref idref="fl-74"/>
      </object_component>
      <object_component id="oc-282">
         <name>.debug_info</name>
         <load_address>0xcee5</load_address>
         <run_address>0xcee5</run_address>
         <size>0x9f</size>
         <input_file_ref idref="fl-74"/>
      </object_component>
      <object_component id="oc-269">
         <name>.debug_info</name>
         <load_address>0xcf84</load_address>
         <run_address>0xcf84</run_address>
         <size>0x69</size>
         <input_file_ref idref="fl-74"/>
      </object_component>
      <object_component id="oc-be">
         <name>.debug_info</name>
         <load_address>0xcfed</load_address>
         <run_address>0xcfed</run_address>
         <size>0x1b2</size>
         <input_file_ref idref="fl-75"/>
      </object_component>
      <object_component id="oc-11f">
         <name>.debug_info</name>
         <load_address>0xd19f</load_address>
         <run_address>0xd19f</run_address>
         <size>0x11c</size>
         <input_file_ref idref="fl-77"/>
      </object_component>
      <object_component id="oc-15d">
         <name>.debug_info</name>
         <load_address>0xd2bb</load_address>
         <run_address>0xd2bb</run_address>
         <size>0x192</size>
         <input_file_ref idref="fl-78"/>
      </object_component>
      <object_component id="oc-e7">
         <name>.debug_info</name>
         <load_address>0xd44d</load_address>
         <run_address>0xd44d</run_address>
         <size>0x1a7</size>
         <input_file_ref idref="fl-78"/>
      </object_component>
      <object_component id="oc-1e5">
         <name>.debug_info</name>
         <load_address>0xd5f4</load_address>
         <run_address>0xd5f4</run_address>
         <size>0x1fe</size>
         <input_file_ref idref="fl-79"/>
      </object_component>
      <object_component id="oc-193">
         <name>.debug_info</name>
         <load_address>0xd7f2</load_address>
         <run_address>0xd7f2</run_address>
         <size>0x16e</size>
         <input_file_ref idref="fl-79"/>
      </object_component>
      <object_component id="oc-1e0">
         <name>.debug_info</name>
         <load_address>0xd960</load_address>
         <run_address>0xd960</run_address>
         <size>0x363</size>
         <input_file_ref idref="fl-79"/>
      </object_component>
      <object_component id="oc-25d">
         <name>.debug_info</name>
         <load_address>0xdcc3</load_address>
         <run_address>0xdcc3</run_address>
         <size>0x46</size>
         <input_file_ref idref="fl-79"/>
      </object_component>
      <object_component id="oc-262">
         <name>.debug_info</name>
         <load_address>0xdd09</load_address>
         <run_address>0xdd09</run_address>
         <size>0x2c</size>
         <input_file_ref idref="fl-79"/>
      </object_component>
      <object_component id="oc-13e">
         <name>.debug_info</name>
         <load_address>0xdd35</load_address>
         <run_address>0xdd35</run_address>
         <size>0x12d</size>
         <input_file_ref idref="fl-7a"/>
      </object_component>
      <object_component id="oc-423">
         <name>.debug_info</name>
         <load_address>0xde62</load_address>
         <run_address>0xde62</run_address>
         <size>0x9b</size>
      </object_component>
      <object_component id="oc-37c">
         <name>.debug_line</name>
         <load_address>0x0</load_address>
         <run_address>0x0</run_address>
         <size>0x195</size>
         <input_file_ref idref="fl-2"/>
      </object_component>
      <object_component id="oc-2e9">
         <name>.debug_line</name>
         <load_address>0x195</load_address>
         <run_address>0x195</run_address>
         <size>0x2d</size>
         <input_file_ref idref="fl-2"/>
      </object_component>
      <object_component id="oc-23b">
         <name>.debug_line</name>
         <load_address>0x1c2</load_address>
         <run_address>0x1c2</run_address>
         <size>0x47</size>
         <input_file_ref idref="fl-2"/>
      </object_component>
      <object_component id="oc-375">
         <name>.debug_line</name>
         <load_address>0x209</load_address>
         <run_address>0x209</run_address>
         <size>0x49</size>
         <input_file_ref idref="fl-2"/>
      </object_component>
      <object_component id="oc-1bd">
         <name>.debug_line</name>
         <load_address>0x252</load_address>
         <run_address>0x252</run_address>
         <size>0x52</size>
         <input_file_ref idref="fl-2"/>
      </object_component>
      <object_component id="oc-1b7">
         <name>.debug_line</name>
         <load_address>0x2a4</load_address>
         <run_address>0x2a4</run_address>
         <size>0x67</size>
         <input_file_ref idref="fl-2"/>
      </object_component>
      <object_component id="oc-2cf">
         <name>.debug_line</name>
         <load_address>0x30b</load_address>
         <run_address>0x30b</run_address>
         <size>0x50</size>
         <input_file_ref idref="fl-2"/>
      </object_component>
      <object_component id="oc-22b">
         <name>.debug_line</name>
         <load_address>0x35b</load_address>
         <run_address>0x35b</run_address>
         <size>0x49</size>
         <input_file_ref idref="fl-2"/>
      </object_component>
      <object_component id="oc-1db">
         <name>.debug_line</name>
         <load_address>0x3a4</load_address>
         <run_address>0x3a4</run_address>
         <size>0x2d</size>
         <input_file_ref idref="fl-2"/>
      </object_component>
      <object_component id="oc-347">
         <name>.debug_line</name>
         <load_address>0x3d1</load_address>
         <run_address>0x3d1</run_address>
         <size>0x75</size>
         <input_file_ref idref="fl-2"/>
      </object_component>
      <object_component id="oc-366">
         <name>.debug_line</name>
         <load_address>0x446</load_address>
         <run_address>0x446</run_address>
         <size>0x75</size>
         <input_file_ref idref="fl-2"/>
      </object_component>
      <object_component id="oc-306">
         <name>.debug_line</name>
         <load_address>0x4bb</load_address>
         <run_address>0x4bb</run_address>
         <size>0x71</size>
         <input_file_ref idref="fl-2"/>
      </object_component>
      <object_component id="oc-1c3">
         <name>.debug_line</name>
         <load_address>0x52c</load_address>
         <run_address>0x52c</run_address>
         <size>0x20</size>
         <input_file_ref idref="fl-2"/>
      </object_component>
      <object_component id="oc-19f">
         <name>.debug_line</name>
         <load_address>0x54c</load_address>
         <run_address>0x54c</run_address>
         <size>0x63</size>
         <input_file_ref idref="fl-2"/>
      </object_component>
      <object_component id="oc-161">
         <name>.debug_line</name>
         <load_address>0x5af</load_address>
         <run_address>0x5af</run_address>
         <size>0x63</size>
         <input_file_ref idref="fl-2"/>
      </object_component>
      <object_component id="oc-258">
         <name>.debug_line</name>
         <load_address>0x612</load_address>
         <run_address>0x612</run_address>
         <size>0x63</size>
         <input_file_ref idref="fl-2"/>
      </object_component>
      <object_component id="oc-24f">
         <name>.debug_line</name>
         <load_address>0x675</load_address>
         <run_address>0x675</run_address>
         <size>0x66</size>
         <input_file_ref idref="fl-3"/>
      </object_component>
      <object_component id="oc-1b2">
         <name>.debug_line</name>
         <load_address>0x6db</load_address>
         <run_address>0x6db</run_address>
         <size>0x41</size>
         <input_file_ref idref="fl-3"/>
      </object_component>
      <object_component id="oc-149">
         <name>.debug_line</name>
         <load_address>0x71c</load_address>
         <run_address>0x71c</run_address>
         <size>0x4b</size>
         <input_file_ref idref="fl-3"/>
      </object_component>
      <object_component id="oc-1d7">
         <name>.debug_line</name>
         <load_address>0x767</load_address>
         <run_address>0x767</run_address>
         <size>0x191</size>
         <input_file_ref idref="fl-4"/>
      </object_component>
[...]
      <symbol id="sm-31d">
         <name>WDTCTL_H</name>
         <value>0x15d</value>
      </symbol>
      <symbol id="sm-31e">
         <name>xdc_runtime_Startup__RESETFXN__C</name>
         <value>0x1</value>
      </symbol>
      <symbol id="sm-31f">
         <name>xdc_runtime_Startup__EXECFXN__C</name>
         <value>0x0</value>
      </symbol>
      <symbol id="sm-320">
         <name>xdc_runtime_Startup_exec__E</name>
         <value>0x0</value>
      </symbol>
      <symbol id="sm-321">
         <name>fram_rw_start</name>
         <value>0x4400</value>
      </symbol>
      <symbol id="sm-322">
         <name>fram_ipe_start</name>
         <value>0x4400</value>
      </symbol>
      <symbol id="sm-323">
         <name>fram_ipe_end</name>
         <value>0x4400</value>
      </symbol>
      <symbol id="sm-324">
         <name>fram_rx_start</name>
         <value>0x4400</value>
      </symbol>
      <symbol id="sm-325">
         <name>__TI_CINIT_Base</name>
         <value>0x4714</value>
      </symbol>
      <symbol id="sm-326">
         <name>__TI_CINIT_Limit</name>
         <value>0x4724</value>
      </symbol>
      <symbol id="sm-327">
         <name>__TI_Handler_Table_Base</name>
         <value>0x4702</value>
      </symbol>
      <symbol id="sm-328">
         <name>__TI_Handler_Table_Limit</name>
         <value>0x470e</value>
      </symbol>
      <symbol id="sm-329">
         <name>binit</name>
         <value>0xffffffff</value>
      </symbol>
      <symbol id="sm-32a">
         <name>__binit__</name>
         <value>0xffffffff</value>
      </symbol>
      <symbol id="sm-32b">
         <name>__STACK_SIZE</name>
         <value>0x40</value>
      </symbol>
      <symbol id="sm-32c">
         <name>__STACK_END</name>
         <value>0x2400</value>
      </symbol>
      <symbol id="sm-32d">
         <name>__c_args__</name>
         <value>0xffffffff</value>
      </symbol>
      <symbol id="sm-3f6">
         <name>led_loopback</name>
         <value>0x106fe</value>
         <object_component_ref idref="oc-2cb"/>
      </symbol>
      <symbol id="sm-3f7">
         <name>usci_a1_send_sync</name>
         <value>0x107a8</value>
         <object_component_ref idref="oc-237"/>
      </symbol>
      <symbol id="sm-3f8">
         <name>tlc_set_gs</name>
         <value>0x1053a</value>
         <object_component_ref idref="oc-1b9"/>
      </symbol>
      <symbol id="sm-3f9">
         <name>gs_data</name>
         <value>0x1c00</value>
         <object_component_ref idref="oc-24a"/>
      </symbol>
      <symbol id="sm-3fa">
         <name>usci_a1_recv_sync</name>
         <value>0x10778</value>
         <object_component_ref idref="oc-371"/>
      </symbol>
      <symbol id="sm-3fb">
         <name>tlc_set_fun</name>
         <value>0x10000</value>
         <object_component_ref idref="oc-1b3"/>
      </symbol>
      <symbol id="sm-3fc">
         <name>init_leds</name>
         <value>0x10834</value>
         <object_component_ref idref="oc-22a"/>
      </symbol>
      <symbol id="sm-410">
         <name>main</name>
         <value>0x108d2</value>
         <object_component_ref idref="oc-144"/>
      </symbol>
      <symbol id="sm-411">
         <name>init</name>
         <value>0x10a1a</value>
         <object_component_ref idref="oc-1ad"/>
      </symbol>
      <symbol id="sm-44e">
         <name>in_payload</name>
         <value>0x1c3e</value>
      </symbol>
      <symbol id="sm-44f">
         <name>out_payload</name>
         <value>0x1c48</value>
      </symbol>
      <symbol id="sm-450">
         <name>in_bytes</name>
         <value>0x1c34</value>
      </symbol>
      <symbol id="sm-451">
         <name>returnValue</name>
         <value>0x1c20</value>
         <object_component_ref idref="oc-16e"/>
      </symbol>
      <symbol id="sm-452">
         <name>rfm_reg_tx_index</name>
         <value>0x1c21</value>
         <object_component_ref idref="oc-16e"/>
      </symbol>
      <symbol id="sm-453">
         <name>rfm_proto_state</name>
         <value>0x1c29</value>
         <object_component_ref idref="oc-16e"/>
      </symbol>
      <symbol id="sm-454">
         <name>__TI_int33</name>
         <value>0xffd2</value>
         <object_component_ref idref="oc-87"/>
      </symbol>
      <symbol id="sm-455">
         <name>rfm_single_msg</name>
         <value>0x1c26</value>
         <object_component_ref idref="oc-16e"/>
      </symbol>
      <symbol id="sm-456">
         <name>rfm_reg_rx_index</name>
         <value>0x1c22</value>
         <object_component_ref idref="oc-16e"/>
      </symbol>
      <symbol id="sm-457">
         <name>__TI_int47</name>
         <value>0xffee</value>
         <object_component_ref idref="oc-95"/>
      </symbol>
      <symbol id="sm-458">
         <name>EUSCI_B0_ISR</name>
         <value>0x4400</value>
         <object_component_ref idref="oc-10b"/>
      </symbol>
      <symbol id="sm-459">
         <name>rfm_reg_ifgs</name>
         <value>0x1c27</value>
         <object_component_ref idref="oc-16e"/>
      </symbol>
      <symbol id="sm-45a">
         <name>radio_interrupt_0</name>
         <value>0x461c</value>
         <object_component_ref idref="oc-105"/>
      </symbol>
      <symbol id="sm-45b">
         <name>rfm_rw_reading</name>
         <value>0x1c24</value>
         <object_component_ref idref="oc-16e"/>
      </symbol>
      <symbol id="sm-45c">
         <name>write_single_register_async</name>
         <value>0x10862</value>
         <object_component_ref idref="oc-189"/>
      </symbol>
      <symbol id="sm-45d">
         <name>rfm_rw_single</name>
         <value>0x1c25</value>
         <object_component_ref idref="oc-16e"/>
      </symbol>
      <symbol id="sm-45e">
         <name>expected_dio_interrupt</name>
         <value>0x1c2a</value>
         <object_component_ref idref="oc-16e"/>
      </symbol>
      <symbol id="sm-45f">
         <name>rfm_begin</name>
         <value>0x1c23</value>
         <object_component_ref idref="oc-16e"/>
      </symbol>
      <symbol id="sm-460">
         <name>rfm_reg_state</name>
         <value>0x1c28</value>
         <object_component_ref idref="oc-16e"/>
      </symbol>
      <symbol id="sm-485">
         <name>ti_catalog_msp430_init_Boot_init</name>
         <value>0x109de</value>
         <object_component_ref idref="oc-118"/>
      </symbol>
      <symbol id="sm-486">
         <name>__TARG__</name>
         <value>0x96</value>
         <object_component_ref idref="oc-df"/>
      </symbol>
      <symbol id="sm-487">
         <name>__TRDR__</name>
         <value>0xc4</value>
         <object_component_ref idref="oc-df"/>
      </symbol>
      <symbol id="sm-488">
         <name>__PLAT__</name>
         <value>0x72</value>
         <object_component_ref idref="oc-df"/>
      </symbol>
      <symbol id="sm-489">
         <name>xdc_runtime_Startup_reset__I</name>
         <value>0x109de</value>
         <object_component_ref idref="oc-118"/>
      </symbol>
      <symbol id="sm-48a">
         <name>__ISA__</name>
         <value>0x5e</value>
         <object_component_ref idref="oc-df"/>
      </symbol>
      <symbol id="sm-48b">
         <name>__ASM__</name>
         <value>0x0</value>
         <object_component_ref idref="oc-df"/>
      </symbol>
      <symbol id="sm-4ba">
         <name>EUSCI_A_SPI_getInterruptStatus</name>
         <value>0x109e8</value>
         <object_component_ref idref="oc-231"/>
      </symbol>
      <symbol id="sm-4bb">
         <name>EUSCI_A_SPI_initMaster</name>
         <value>0x1059c</value>
         <object_component_ref idref="oc-331"/>
      </symbol>
      <symbol id="sm-4bc">
         <name>EUSCI_A_SPI_receiveData</name>
         <value>0x109f2</value>
         <object_component_ref idref="oc-2df"/>
      </symbol>
      <symbol id="sm-4bd">
         <name>EUSCI_A_SPI_transmitData</name>
         <value>0x109c6</value>
         <object_component_ref idref="oc-2d3"/>
      </symbol>
      <symbol id="sm-4be">
         <name>EUSCI_A_SPI_enable</name>
         <value>0x10a34</value>
         <object_component_ref idref="oc-337"/>
      </symbol>
      <symbol id="sm-4bf">
         <name>EUSCI_A_SPI_disableInterrupt</name>
         <value>0x109aa</value>
         <object_component_ref idref="oc-33d"/>
      </symbol>
      <symbol id="sm-4ee">
         <name>EUSCI_B_SPI_receiveData</name>
         <value>0x10a06</value>
         <object_component_ref idref="oc-181"/>
      </symbol>
      <symbol id="sm-4ef">
         <name>EUSCI_B_SPI_getInterruptStatus</name>
         <value>0x109fc</value>
         <object_component_ref idref="oc-2d9"/>
      </symbol>
      <symbol id="sm-4f0">
         <name>EUSCI_B_SPI_enable</name>
         <value>0x10a3a</value>
         <object_component_ref idref="oc-356"/>
      </symbol>
      <symbol id="sm-4f1">
         <name>EUSCI_B_SPI_disableInterrupt</name>
         <value>0x109b8</value>
         <object_component_ref idref="oc-35c"/>
      </symbol>
      <symbol id="sm-4f2">
         <name>EUSCI_B_SPI_transmitData</name>
         <value>0x109d2</value>
         <object_component_ref idref="oc-171"/>
      </symbol>
      <symbol id="sm-4f3">
         <name>EUSCI_B_SPI_initMaster</name>
         <value>0x106a8</value>
         <object_component_ref idref="oc-350"/>
      </symbol>
      <symbol id="sm-516">
         <name>GPIO_clearInterrupt</name>
         <value>0x108f2</value>
         <object_component_ref idref="oc-177"/>
      </symbol>
      <symbol id="sm-517">
         <name>GPIO_setOutputHighOnPin</name>
         <value>0x10910</value>
         <object_component_ref idref="oc-23d"/>
      </symbol>
      <symbol id="sm-518">
         <name>GPIO_setOutputLowOnPin</name>
         <value>0x1092c</value>
         <object_component_ref idref="oc-243"/>
      </symbol>
      <symbol id="sm-521">
         <name>Grace_init</name>
         <value>0x10806</value>
         <object_component_ref idref="oc-224"/>
      </symbol>
      <symbol id="sm-52a">
         <name>CS_A_graceInit</name>
         <value>0x104d4</value>
         <object_component_ref idref="oc-2a0"/>
      </symbol>
      <symbol id="sm-568">
         <name>CS_setDCOFreq</name>
         <value>0x10976</value>
         <object_component_ref idref="oc-31b"/>
      </symbol>
      <symbol id="sm-569">
         <name>CS_turnOnLFXTWithTimeout</name>
         <value>0x105f8</value>
         <object_component_ref idref="oc-30f"/>
      </symbol>
      <symbol id="sm-56a">
         <name>CS_clearAllOscFlagsWithTimeout</name>
         <value>0x107d8</value>
         <object_component_ref idref="oc-321"/>
      </symbol>
      <symbol id="sm-56b">
         <name>CS_disableClockRequest</name>
         <value>0x1099a</value>
         <object_component_ref idref="oc-327"/>
      </symbol>
      <symbol id="sm-56c">
         <name>CS_setExternalClockSource</name>
         <value>0x10948</value>
         <object_component_ref idref="oc-309"/>
      </symbol>
      <symbol id="sm-56d">
         <name>CS_initClockSignal</name>
         <value>0x10402</value>
         <object_component_ref idref="oc-315"/>
      </symbol>
      <symbol id="sm-57f">
         <name>EUSCI_A0_graceInit</name>
         <value>0x102be</value>
         <object_component_ref idref="oc-2a6"/>
      </symbol>
      <symbol id="sm-591">
         <name>EUSCI_A1_graceInit</name>
         <value>0x1032a</value>
         <object_component_ref idref="oc-2ac"/>
      </symbol>
      <symbol id="sm-5a3">
         <name>EUSCI_B0_graceInit</name>
         <value>0x10396</value>
         <object_component_ref idref="oc-2b2"/>
      </symbol>
      <symbol id="sm-5ac">
         <name>InterruptVectors_graceInit</name>
         <value>0x10a54</value>
         <object_component_ref idref="oc-2b8"/>
      </symbol>
      <symbol id="sm-5b5">
         <name>PinMux_graceInit</name>
         <value>0x100a6</value>
         <object_component_ref idref="oc-29a"/>
      </symbol>
      <symbol id="sm-5be">
         <name>System_graceInit</name>
         <value>0x10a2c</value>
         <object_component_ref idref="oc-2be"/>
      </symbol>
      <symbol id="sm-5d1">
         <name>Timer1_A3_graceInit</name>
         <value>0x10148</value>
         <object_component_ref idref="oc-294"/>
      </symbol>
      <symbol id="sm-5ee">
         <name>Timer_A_initUpMode</name>
         <value>0x101d2</value>
         <object_component_ref idref="oc-2f0"/>
      </symbol>
      <symbol id="sm-5ef">
         <name>Timer_A_initCompareMode</name>
         <value>0x10740</value>
         <object_component_ref idref="oc-2f6"/>
      </symbol>
      <symbol id="sm-5f0">
         <name>Timer_A_startCounter</name>
         <value>0x10a40</value>
         <object_component_ref idref="oc-2fc"/>
      </symbol>
      <symbol id="sm-5f9">
         <name>WDT_A_graceInit</name>
         <value>0x10a10</value>
         <object_component_ref idref="oc-2c4"/>
      </symbol>
      <symbol id="sm-602">
         <name>WDT_A_hold</name>
         <value>0x108b2</value>
         <object_component_ref idref="oc-36a"/>
      </symbol>
      <symbol id="sm-618">
         <name>__TI_decompress_none</name>
         <value>0x10988</value>
         <object_component_ref idref="oc-78"/>
      </symbol>
      <symbol id="sm-63a">
         <name>__TI_decompress_rle24</name>
         <value>0x10a46</value>
         <object_component_ref idref="oc-7e"/>
      </symbol>
      <symbol id="sm-63d">
         <name>__TI_int30</name>
         <value>0xffcc</value>
         <object_component_ref idref="oc-84"/>
      </symbol>
      <symbol id="sm-645">
         <name>__TI_ISR_TRAP</name>
         <value>0x4688</value>
         <object_component_ref idref="oc-100"/>
      </symbol>
      <symbol id="sm-648">
         <name>__TI_int31</name>
         <value>0xffce</value>
         <object_component_ref idref="oc-85"/>
      </symbol>
      <symbol id="sm-64b">
         <name>__TI_int32</name>
         <value>0xffd0</value>
         <object_component_ref idref="oc-86"/>
      </symbol>
      <symbol id="sm-64e">
         <name>__TI_int34</name>
         <value>0xffd4</value>
         <object_component_ref idref="oc-88"/>
      </symbol>
      <symbol id="sm-651">
         <name>__TI_int35</name>
         <value>0xffd6</value>
         <object_component_ref idref="oc-89"/>
      </symbol>
      <symbol id="sm-654">
         <name>__TI_int36</name>
         <value>0xffd8</value>
         <object_component_ref idref="oc-8a"/>
      </symbol>
      <symbol id="sm-657">
         <name>__TI_int37</name>
         <value>0xffda</value>
         <object_component_ref idref="oc-8b"/>
      </symbol>
      <symbol id="sm-65a">
         <name>__TI_int38</name>
         <value>0xffdc</value>
         <object_component_ref idref="oc-8c"/>
      </symbol>
      <symbol id="sm-65d">
         <name>__TI_int39</name>
         <value>0xffde</value>
         <object_component_ref idref="oc-8d"/>
      </symbol>
      <symbol id="sm-660">
         <name>__TI_int40</name>
         <value>0xffe0</value>
         <object_component_ref idref="oc-8e"/>
      </symbol>
      <symbol id="sm-663">
         <name>__TI_int41</name>
         <value>0xffe2</value>
         <object_component_ref idref="oc-8f"/>
      </symbol>
      <symbol id="sm-666">
         <name>__TI_int42</name>
         <value>0xffe4</value>
         <object_component_ref idref="oc-90"/>
      </symbol>
      <symbol id="sm-669">
         <name>__TI_int43</name>
         <value>0xffe6</value>
         <object_component_ref idref="oc-91"/>
      </symbol>
      <symbol id="sm-66c">
         <name>__TI_int44</name>
         <value>0xffe8</value>
         <object_component_ref idref="oc-92"/>
      </symbol>
      <symbol id="sm-66f">
         <name>__TI_int45</name>
         <value>0xffea</value>
         <object_component_ref idref="oc-93"/>
      </symbol>
      <symbol id="sm-672">
         <name>__TI_int46</name>
         <value>0xffec</value>
         <object_component_ref idref="oc-94"/>
      </symbol>
      <symbol id="sm-675">
         <name>__TI_int48</name>
         <value>0xfff0</value>
         <object_component_ref idref="oc-96"/>
      </symbol>
      <symbol id="sm-678">
         <name>__TI_int49</name>
         <value>0xfff2</value>
         <object_component_ref idref="oc-97"/>
      </symbol>
      <symbol id="sm-67b">
         <name>__TI_int50</name>
         <value>0xfff4</value>
         <object_component_ref idref="oc-98"/>
      </symbol>
      <symbol id="sm-67e">
         <name>__TI_int51</name>
         <value>0xfff6</value>
         <object_component_ref idref="oc-99"/>
      </symbol>
      <symbol id="sm-681">
         <name>__TI_int52</name>
         <value>0xfff8</value>
         <object_component_ref idref="oc-9a"/>
      </symbol>
      <symbol id="sm-684">
         <name>__TI_int53</name>
         <value>0xfffa</value>
         <object_component_ref idref="oc-9b"/>
      </symbol>
      <symbol id="sm-687">
         <name>__TI_int54</name>
         <value>0xfffc</value>
         <object_component_ref idref="oc-9c"/>
      </symbol>
      <symbol id="sm-69a">
         <name>__TI_zero_init</name>
         <value>0x1088e</value>
         <object_component_ref idref="oc-9d"/>
      </symbol>
      <symbol id="sm-6ad">
         <name>__mspabi_remul</name>
         <value>0x10650</value>
         <object_component_ref idref="oc-390"/>
      </symbol>
      <symbol id="sm-6ae">
         <name>__mspabi_divul</name>
         <value>0x10650</value>
         <object_component_ref idref="oc-390"/>
      </symbol>
      <symbol id="sm-6f1">
         <name>_stack</name>
         <value>0x23c0</value>
         <object_component_ref idref="oc-e2"/>
      </symbol>
      <symbol id="sm-6f2">
         <name>_reset_vector</name>
         <value>0xfffe</value>
         <object_component_ref idref="oc-e5"/>
      </symbol>
      <symbol id="sm-74d">
         <name>_auto_init_hold_wdt</name>
         <value>0x1024e</value>
         <object_component_ref idref="oc-124"/>
      </symbol>
      <symbol id="sm-759">
         <name>_c_int00_noargs_noexit</name>
         <value>0x4662</value>
         <object_component_ref idref="oc-bb"/>
      </symbol>
      <symbol id="sm-763">
         <name>_system_pre_init</name>
         <value>0x10a4c</value>
         <object_component_ref idref="oc-11e"/>
      </symbol>
      <symbol id="sm-771">
         <name>memcpy</name>
         <value>0x10962</value>
         <object_component_ref idref="oc-e6"/>
      </symbol>
      <symbol id="sm-78c">
         <name>ti_catalog_msp430_init_Boot_disableWatchdog</name>
         <value>0x10a24</value>
         <object_component_ref idref="oc-192"/>
      </symbol>
      <symbol id="sm-797">
         <name>C$$EXIT</name>
         <value>0x10a50</value>
         <object_component_ref idref="oc-13d"/>
      </symbol>
      <symbol id="sm-798">
         <name>abort</name>
         <value>0x10a50</value>
         <object_component_ref idref="oc-13d"/>
      </symbol>
      <symbol id="sm-79e">
         <name>__TI_INITARRAY_Base</name>
         <value>0x0</value>
      </symbol>
      <symbol id="sm-79f">
         <name>__TI_INITARRAY_Limit</name>
         <value>0x0</value>
      </symbol>
   </symbol_table>
   <title>Link successful</title>
</link_info>
